[2026-06-25 12:19:15,970][httpx][INFO] - HTTP Request: HEAD https://huggingface.co/facebook/opt-125m/resolve/main/config.json "HTTP/1.1 307 Temporary Redirect"
[2026-06-25 12:19:15,971][huggingface_hub.utils._http][WARNING] - Warning: You are sending unauthenticated requests to the HF Hub. Please set a HF_TOKEN to enable higher rate limits and faster downloads.
[2026-06-25 12:19:16,006][httpx][INFO] - HTTP Request: HEAD https://huggingface.co/api/resolve-cache/models/facebook/opt-125m/27dcfa74d334bc871f3234de431e71c6eeba5dd6/config.json "HTTP/1.1 200 OK"
[2026-06-25 12:19:16,314][httpx][INFO] - HTTP Request: HEAD https://huggingface.co/facebook/opt-125m/resolve/main/model.safetensors "HTTP/1.1 404 Not Found"
[2026-06-25 12:19:16,468][httpx][INFO] - HTTP Request: GET https://huggingface.co/api/models/facebook/opt-125m "HTTP/1.1 200 OK"
[2026-06-25 12:19:16,648][httpx][INFO] - HTTP Request: GET https://huggingface.co/api/models/facebook/opt-125m/commits/main "HTTP/1.1 200 OK"
[2026-06-25 12:19:16,782][httpx][INFO] - HTTP Request: HEAD https://huggingface.co/facebook/opt-125m/resolve/main/generation_config.json "HTTP/1.1 307 Temporary Redirect"
[2026-06-25 12:19:16,823][httpx][INFO] - HTTP Request: HEAD https://huggingface.co/api/resolve-cache/models/facebook/opt-125m/27dcfa74d334bc871f3234de431e71c6eeba5dd6/generation_config.json "HTTP/1.1 200 OK"
[2026-06-25 12:19:16,846][httpx][INFO] - HTTP Request: GET https://huggingface.co/api/models/facebook/opt-125m/discussions?p=0 "HTTP/1.1 200 OK"
[2026-06-25 12:19:16,982][httpx][INFO] - HTTP Request: HEAD https://huggingface.co/facebook/opt-125m/resolve/main/custom_generate/generate.py "HTTP/1.1 404 Not Found"
[2026-06-25 12:19:17,030][httpx][INFO] - HTTP Request: GET https://huggingface.co/api/models/facebook/opt-125m/commits/refs%2Fpr%2F51 "HTTP/1.1 200 OK"
[2026-06-25 12:19:17,139][httpx][INFO] - HTTP Request: HEAD https://huggingface.co/facebook/opt-125m/resolve/main/config.json "HTTP/1.1 307 Temporary Redirect"
[2026-06-25 12:19:17,180][httpx][INFO] - HTTP Request: HEAD https://huggingface.co/api/resolve-cache/models/facebook/opt-125m/27dcfa74d334bc871f3234de431e71c6eeba5dd6/config.json "HTTP/1.1 200 OK"
[2026-06-25 12:19:17,185][httpx][INFO] - HTTP Request: HEAD https://huggingface.co/facebook/opt-125m/resolve/refs%2Fpr%2F51/model.safetensors.index.json "HTTP/1.1 404 Not Found"
[2026-06-25 12:19:17,338][httpx][INFO] - HTTP Request: HEAD https://huggingface.co/facebook/opt-125m/resolve/main/tokenizer_config.json "HTTP/1.1 307 Temporary Redirect"
[2026-06-25 12:19:17,339][httpx][INFO] - HTTP Request: HEAD https://huggingface.co/facebook/opt-125m/resolve/refs%2Fpr%2F51/model.safetensors "HTTP/1.1 302 Found"
[2026-06-25 12:19:17,380][httpx][INFO] - HTTP Request: HEAD https://huggingface.co/api/resolve-cache/models/facebook/opt-125m/27dcfa74d334bc871f3234de431e71c6eeba5dd6/tokenizer_config.json "HTTP/1.1 200 OK"
[2026-06-25 12:19:17,536][httpx][INFO] - HTTP Request: GET https://huggingface.co/api/models/facebook/opt-125m/tree/main/additional_chat_templates?recursive=false&expand=false "HTTP/1.1 404 Not Found"
[2026-06-25 12:19:17,694][httpx][INFO] - HTTP Request: GET https://huggingface.co/api/models/facebook/opt-125m/tree/main?recursive=true&expand=false "HTTP/1.1 200 OK"
[2026-06-25 12:19:17,948][httpx][INFO] - HTTP Request: HEAD https://huggingface.co/datasets/Salesforce/wikitext/resolve/main/README.md "HTTP/1.1 307 Temporary Redirect"
[2026-06-25 12:19:17,984][httpx][INFO] - HTTP Request: HEAD https://huggingface.co/api/resolve-cache/datasets/Salesforce/wikitext/b08601e04326c79dfdd32d625aee71d232d685c3/README.md "HTTP/1.1 200 OK"
[2026-06-25 12:19:18,138][httpx][INFO] - HTTP Request: HEAD https://huggingface.co/datasets/Salesforce/wikitext/resolve/b08601e04326c79dfdd32d625aee71d232d685c3/wikitext.py "HTTP/1.1 404 Not Found"
[2026-06-25 12:19:18,686][httpx][INFO] - HTTP Request: HEAD https://s3.amazonaws.com/datasets.huggingface.co/datasets/datasets/Salesforce/wikitext/Salesforce/wikitext.py "HTTP/1.1 404 Not Found"
[2026-06-25 12:19:18,858][httpx][INFO] - HTTP Request: GET https://huggingface.co/api/datasets/Salesforce/wikitext/revision/b08601e04326c79dfdd32d625aee71d232d685c3 "HTTP/1.1 200 OK"
[2026-06-25 12:19:19,009][httpx][INFO] - HTTP Request: HEAD https://huggingface.co/datasets/Salesforce/wikitext/resolve/b08601e04326c79dfdd32d625aee71d232d685c3/.huggingface.yaml "HTTP/1.1 404 Not Found"
[2026-06-25 12:19:19,408][httpx][INFO] - HTTP Request: GET https://datasets-server.huggingface.co/info?dataset=Salesforce/wikitext "HTTP/1.1 200 OK"
[2026-06-25 12:19:19,621][httpx][INFO] - HTTP Request: GET https://huggingface.co/api/datasets/Salesforce/wikitext/tree/b08601e04326c79dfdd32d625aee71d232d685c3/wikitext-103-raw-v1?recursive=true&expand=false "HTTP/1.1 200 OK"
[2026-06-25 12:19:19,771][httpx][INFO] - HTTP Request: GET https://huggingface.co/api/datasets/Salesforce/wikitext/tree/b08601e04326c79dfdd32d625aee71d232d685c3?recursive=false&expand=false "HTTP/1.1 200 OK"
[2026-06-25 12:19:19,927][httpx][INFO] - HTTP Request: HEAD https://huggingface.co/datasets/Salesforce/wikitext/resolve/b08601e04326c79dfdd32d625aee71d232d685c3/dataset_infos.json "HTTP/1.1 404 Not Found"
[2026-06-25 12:19:20,083][httpx][INFO] - HTTP Request: GET https://huggingface.co/api/datasets/Salesforce/wikitext/tree/b08601e04326c79dfdd32d625aee71d232d685c3/wikitext-2-raw-v1?recursive=true&expand=false "HTTP/1.1 200 OK"
