[2026-06-25 12:12:16,673][httpx][INFO] - HTTP Request: HEAD https://huggingface.co/facebook/opt-125m/resolve/main/config.json "HTTP/1.1 307 Temporary Redirect"
[2026-06-25 12:12:16,674][huggingface_hub.utils._http][WARNING] - Warning: You are sending unauthenticated requests to the HF Hub. Please set a HF_TOKEN to enable higher rate limits and faster downloads.
[2026-06-25 12:12:16,711][httpx][INFO] - HTTP Request: HEAD https://huggingface.co/api/resolve-cache/models/facebook/opt-125m/27dcfa74d334bc871f3234de431e71c6eeba5dd6/config.json "HTTP/1.1 200 OK"
[2026-06-25 12:12:17,021][httpx][INFO] - HTTP Request: HEAD https://huggingface.co/facebook/opt-125m/resolve/main/model.safetensors "HTTP/1.1 404 Not Found"
[2026-06-25 12:12:17,182][httpx][INFO] - HTTP Request: GET https://huggingface.co/api/models/facebook/opt-125m "HTTP/1.1 200 OK"
[2026-06-25 12:12:17,379][httpx][INFO] - HTTP Request: GET https://huggingface.co/api/models/facebook/opt-125m/commits/main "HTTP/1.1 200 OK"
[2026-06-25 12:12:17,458][httpx][INFO] - HTTP Request: HEAD https://huggingface.co/facebook/opt-125m/resolve/main/generation_config.json "HTTP/1.1 307 Temporary Redirect"
[2026-06-25 12:12:17,492][httpx][INFO] - HTTP Request: HEAD https://huggingface.co/api/resolve-cache/models/facebook/opt-125m/27dcfa74d334bc871f3234de431e71c6eeba5dd6/generation_config.json "HTTP/1.1 200 OK"
[2026-06-25 12:12:17,567][httpx][INFO] - HTTP Request: GET https://huggingface.co/api/models/facebook/opt-125m/discussions?p=0 "HTTP/1.1 200 OK"
[2026-06-25 12:12:17,644][httpx][INFO] - HTTP Request: HEAD https://huggingface.co/facebook/opt-125m/resolve/main/custom_generate/generate.py "HTTP/1.1 404 Not Found"
[2026-06-25 12:12:17,754][httpx][INFO] - HTTP Request: GET https://huggingface.co/api/models/facebook/opt-125m/commits/refs%2Fpr%2F51 "HTTP/1.1 200 OK"
[2026-06-25 12:12:17,796][httpx][INFO] - HTTP Request: HEAD https://huggingface.co/facebook/opt-125m/resolve/main/config.json "HTTP/1.1 307 Temporary Redirect"
[2026-06-25 12:12:17,830][httpx][INFO] - HTTP Request: HEAD https://huggingface.co/api/resolve-cache/models/facebook/opt-125m/27dcfa74d334bc871f3234de431e71c6eeba5dd6/config.json "HTTP/1.1 200 OK"
[2026-06-25 12:12:17,906][httpx][INFO] - HTTP Request: HEAD https://huggingface.co/facebook/opt-125m/resolve/refs%2Fpr%2F51/model.safetensors.index.json "HTTP/1.1 404 Not Found"
[2026-06-25 12:12:17,978][httpx][INFO] - HTTP Request: HEAD https://huggingface.co/facebook/opt-125m/resolve/main/tokenizer_config.json "HTTP/1.1 307 Temporary Redirect"
[2026-06-25 12:12:18,012][httpx][INFO] - HTTP Request: HEAD https://huggingface.co/api/resolve-cache/models/facebook/opt-125m/27dcfa74d334bc871f3234de431e71c6eeba5dd6/tokenizer_config.json "HTTP/1.1 200 OK"
[2026-06-25 12:12:18,061][httpx][INFO] - HTTP Request: HEAD https://huggingface.co/facebook/opt-125m/resolve/refs%2Fpr%2F51/model.safetensors "HTTP/1.1 302 Found"
[2026-06-25 12:12:18,166][httpx][INFO] - HTTP Request: GET https://huggingface.co/api/models/facebook/opt-125m/tree/main/additional_chat_templates?recursive=false&expand=false "HTTP/1.1 404 Not Found"
[2026-06-25 12:12:18,321][httpx][INFO] - HTTP Request: GET https://huggingface.co/api/models/facebook/opt-125m/tree/main?recursive=true&expand=false "HTTP/1.1 200 OK"
[2026-06-25 12:12:18,691][httpx][INFO] - HTTP Request: HEAD https://huggingface.co/datasets/Salesforce/wikitext/resolve/main/README.md "HTTP/1.1 307 Temporary Redirect"
[2026-06-25 12:12:18,729][httpx][INFO] - HTTP Request: HEAD https://huggingface.co/api/resolve-cache/datasets/Salesforce/wikitext/b08601e04326c79dfdd32d625aee71d232d685c3/README.md "HTTP/1.1 200 OK"
[2026-06-25 12:12:18,880][httpx][INFO] - HTTP Request: HEAD https://huggingface.co/datasets/Salesforce/wikitext/resolve/b08601e04326c79dfdd32d625aee71d232d685c3/wikitext.py "HTTP/1.1 404 Not Found"
[2026-06-25 12:12:19,364][httpx][INFO] - HTTP Request: HEAD https://s3.amazonaws.com/datasets.huggingface.co/datasets/datasets/Salesforce/wikitext/Salesforce/wikitext.py "HTTP/1.1 404 Not Found"
[2026-06-25 12:12:19,535][httpx][INFO] - HTTP Request: GET https://huggingface.co/api/datasets/Salesforce/wikitext/revision/b08601e04326c79dfdd32d625aee71d232d685c3 "HTTP/1.1 200 OK"
[2026-06-25 12:12:19,698][httpx][INFO] - HTTP Request: HEAD https://huggingface.co/datasets/Salesforce/wikitext/resolve/b08601e04326c79dfdd32d625aee71d232d685c3/.huggingface.yaml "HTTP/1.1 404 Not Found"
[2026-06-25 12:12:20,019][httpx][INFO] - HTTP Request: GET https://datasets-server.huggingface.co/info?dataset=Salesforce/wikitext "HTTP/1.1 200 OK"
[2026-06-25 12:12:20,175][httpx][INFO] - HTTP Request: GET https://huggingface.co/api/datasets/Salesforce/wikitext/tree/b08601e04326c79dfdd32d625aee71d232d685c3/wikitext-103-raw-v1?recursive=true&expand=false "HTTP/1.1 200 OK"
[2026-06-25 12:12:20,382][httpx][INFO] - HTTP Request: GET https://huggingface.co/api/datasets/Salesforce/wikitext/tree/b08601e04326c79dfdd32d625aee71d232d685c3?recursive=false&expand=false "HTTP/1.1 200 OK"
[2026-06-25 12:12:20,541][httpx][INFO] - HTTP Request: HEAD https://huggingface.co/datasets/Salesforce/wikitext/resolve/b08601e04326c79dfdd32d625aee71d232d685c3/dataset_infos.json "HTTP/1.1 404 Not Found"
[2026-06-25 12:12:20,695][httpx][INFO] - HTTP Request: GET https://huggingface.co/api/datasets/Salesforce/wikitext/tree/b08601e04326c79dfdd32d625aee71d232d685c3/wikitext-2-raw-v1?recursive=true&expand=false "HTTP/1.1 200 OK"
