[2026-06-25 12:09:41,369][httpx][INFO] - HTTP Request: HEAD https://huggingface.co/facebook/opt-125m/resolve/main/config.json "HTTP/1.1 307 Temporary Redirect"
[2026-06-25 12:09:41,370][huggingface_hub.utils._http][WARNING] - Warning: You are sending unauthenticated requests to the HF Hub. Please set a HF_TOKEN to enable higher rate limits and faster downloads.
[2026-06-25 12:09:41,408][httpx][INFO] - HTTP Request: HEAD https://huggingface.co/api/resolve-cache/models/facebook/opt-125m/27dcfa74d334bc871f3234de431e71c6eeba5dd6/config.json "HTTP/1.1 200 OK"
[2026-06-25 12:09:41,926][httpx][INFO] - HTTP Request: HEAD https://huggingface.co/facebook/opt-125m/resolve/main/model.safetensors "HTTP/1.1 404 Not Found"
[2026-06-25 12:09:42,081][httpx][INFO] - HTTP Request: GET https://huggingface.co/api/models/facebook/opt-125m "HTTP/1.1 200 OK"
[2026-06-25 12:09:42,262][httpx][INFO] - HTTP Request: GET https://huggingface.co/api/models/facebook/opt-125m/commits/main "HTTP/1.1 200 OK"
[2026-06-25 12:09:42,464][httpx][INFO] - HTTP Request: HEAD https://huggingface.co/facebook/opt-125m/resolve/main/generation_config.json "HTTP/1.1 307 Temporary Redirect"
[2026-06-25 12:09:42,474][httpx][INFO] - HTTP Request: GET https://huggingface.co/api/models/facebook/opt-125m/discussions?p=0 "HTTP/1.1 200 OK"
[2026-06-25 12:09:42,505][httpx][INFO] - HTTP Request: HEAD https://huggingface.co/api/resolve-cache/models/facebook/opt-125m/27dcfa74d334bc871f3234de431e71c6eeba5dd6/generation_config.json "HTTP/1.1 200 OK"
[2026-06-25 12:09:42,658][httpx][INFO] - HTTP Request: GET https://huggingface.co/api/models/facebook/opt-125m/commits/refs%2Fpr%2F51 "HTTP/1.1 200 OK"
[2026-06-25 12:09:42,664][httpx][INFO] - HTTP Request: HEAD https://huggingface.co/facebook/opt-125m/resolve/main/custom_generate/generate.py "HTTP/1.1 404 Not Found"
[2026-06-25 12:09:42,827][httpx][INFO] - HTTP Request: HEAD https://huggingface.co/facebook/opt-125m/resolve/main/config.json "HTTP/1.1 307 Temporary Redirect"
[2026-06-25 12:09:42,841][httpx][INFO] - HTTP Request: HEAD https://huggingface.co/facebook/opt-125m/resolve/refs%2Fpr%2F51/model.safetensors.index.json "HTTP/1.1 404 Not Found"
[2026-06-25 12:09:42,868][httpx][INFO] - HTTP Request: HEAD https://huggingface.co/api/resolve-cache/models/facebook/opt-125m/27dcfa74d334bc871f3234de431e71c6eeba5dd6/config.json "HTTP/1.1 200 OK"
[2026-06-25 12:09:43,019][httpx][INFO] - HTTP Request: HEAD https://huggingface.co/facebook/opt-125m/resolve/refs%2Fpr%2F51/model.safetensors "HTTP/1.1 302 Found"
[2026-06-25 12:09:43,069][httpx][INFO] - HTTP Request: HEAD https://huggingface.co/facebook/opt-125m/resolve/main/tokenizer_config.json "HTTP/1.1 307 Temporary Redirect"
[2026-06-25 12:09:43,108][httpx][INFO] - HTTP Request: HEAD https://huggingface.co/api/resolve-cache/models/facebook/opt-125m/27dcfa74d334bc871f3234de431e71c6eeba5dd6/tokenizer_config.json "HTTP/1.1 200 OK"
[2026-06-25 12:09:43,268][httpx][INFO] - HTTP Request: GET https://huggingface.co/api/models/facebook/opt-125m/tree/main/additional_chat_templates?recursive=false&expand=false "HTTP/1.1 404 Not Found"
[2026-06-25 12:09:43,427][httpx][INFO] - HTTP Request: GET https://huggingface.co/api/models/facebook/opt-125m/tree/main?recursive=true&expand=false "HTTP/1.1 200 OK"
[2026-06-25 12:09:43,686][httpx][INFO] - HTTP Request: HEAD https://huggingface.co/datasets/Salesforce/wikitext/resolve/main/README.md "HTTP/1.1 307 Temporary Redirect"
[2026-06-25 12:09:43,724][httpx][INFO] - HTTP Request: HEAD https://huggingface.co/api/resolve-cache/datasets/Salesforce/wikitext/b08601e04326c79dfdd32d625aee71d232d685c3/README.md "HTTP/1.1 200 OK"
[2026-06-25 12:09:43,875][httpx][INFO] - HTTP Request: HEAD https://huggingface.co/datasets/Salesforce/wikitext/resolve/b08601e04326c79dfdd32d625aee71d232d685c3/wikitext.py "HTTP/1.1 404 Not Found"
[2026-06-25 12:09:44,582][httpx][INFO] - HTTP Request: HEAD https://s3.amazonaws.com/datasets.huggingface.co/datasets/datasets/Salesforce/wikitext/Salesforce/wikitext.py "HTTP/1.1 404 Not Found"
[2026-06-25 12:09:44,762][httpx][INFO] - HTTP Request: GET https://huggingface.co/api/datasets/Salesforce/wikitext/revision/b08601e04326c79dfdd32d625aee71d232d685c3 "HTTP/1.1 200 OK"
[2026-06-25 12:09:44,914][httpx][INFO] - HTTP Request: HEAD https://huggingface.co/datasets/Salesforce/wikitext/resolve/b08601e04326c79dfdd32d625aee71d232d685c3/.huggingface.yaml "HTTP/1.1 404 Not Found"
[2026-06-25 12:09:45,232][httpx][INFO] - HTTP Request: GET https://datasets-server.huggingface.co/info?dataset=Salesforce/wikitext "HTTP/1.1 200 OK"
[2026-06-25 12:09:45,390][httpx][INFO] - HTTP Request: GET https://huggingface.co/api/datasets/Salesforce/wikitext/tree/b08601e04326c79dfdd32d625aee71d232d685c3/wikitext-103-raw-v1?recursive=true&expand=false "HTTP/1.1 200 OK"
[2026-06-25 12:09:45,544][httpx][INFO] - HTTP Request: GET https://huggingface.co/api/datasets/Salesforce/wikitext/tree/b08601e04326c79dfdd32d625aee71d232d685c3?recursive=false&expand=false "HTTP/1.1 200 OK"
[2026-06-25 12:09:45,701][httpx][INFO] - HTTP Request: HEAD https://huggingface.co/datasets/Salesforce/wikitext/resolve/b08601e04326c79dfdd32d625aee71d232d685c3/dataset_infos.json "HTTP/1.1 404 Not Found"
[2026-06-25 12:09:45,862][httpx][INFO] - HTTP Request: GET https://huggingface.co/api/datasets/Salesforce/wikitext/tree/b08601e04326c79dfdd32d625aee71d232d685c3/wikitext-2-raw-v1?recursive=true&expand=false "HTTP/1.1 200 OK"
