[2026-06-25 12:29:02,895][httpx][INFO] - HTTP Request: HEAD https://huggingface.co/facebook/opt-125m/resolve/main/config.json "HTTP/1.1 307 Temporary Redirect"
[2026-06-25 12:29:02,927][httpx][INFO] - HTTP Request: HEAD https://huggingface.co/api/resolve-cache/models/facebook/opt-125m/27dcfa74d334bc871f3234de431e71c6eeba5dd6/config.json "HTTP/1.1 200 OK"
[2026-06-25 12:29:03,242][httpx][INFO] - HTTP Request: HEAD https://huggingface.co/facebook/opt-125m/resolve/main/model.safetensors "HTTP/1.1 404 Not Found"
[2026-06-25 12:29:03,394][httpx][INFO] - HTTP Request: GET https://huggingface.co/api/models/facebook/opt-125m "HTTP/1.1 200 OK"
[2026-06-25 12:29:03,577][httpx][INFO] - HTTP Request: GET https://huggingface.co/api/models/facebook/opt-125m/commits/main "HTTP/1.1 200 OK"
[2026-06-25 12:29:03,707][httpx][INFO] - HTTP Request: HEAD https://huggingface.co/facebook/opt-125m/resolve/main/generation_config.json "HTTP/1.1 307 Temporary Redirect"
[2026-06-25 12:29:03,708][huggingface_hub.utils._http][WARNING] - Warning: You are sending unauthenticated requests to the HF Hub. Please set a HF_TOKEN to enable higher rate limits and faster downloads.
[2026-06-25 12:29:03,743][httpx][INFO] - HTTP Request: HEAD https://huggingface.co/api/resolve-cache/models/facebook/opt-125m/27dcfa74d334bc871f3234de431e71c6eeba5dd6/generation_config.json "HTTP/1.1 200 OK"
[2026-06-25 12:29:03,764][httpx][INFO] - HTTP Request: GET https://huggingface.co/api/models/facebook/opt-125m/discussions?p=0 "HTTP/1.1 200 OK"
[2026-06-25 12:29:03,894][httpx][INFO] - HTTP Request: HEAD https://huggingface.co/facebook/opt-125m/resolve/main/custom_generate/generate.py "HTTP/1.1 404 Not Found"
[2026-06-25 12:29:03,945][httpx][INFO] - HTTP Request: GET https://huggingface.co/api/models/facebook/opt-125m/commits/refs%2Fpr%2F51 "HTTP/1.1 200 OK"
[2026-06-25 12:29:04,044][httpx][INFO] - HTTP Request: HEAD https://huggingface.co/facebook/opt-125m/resolve/main/config.json "HTTP/1.1 307 Temporary Redirect"
[2026-06-25 12:29:04,079][httpx][INFO] - HTTP Request: HEAD https://huggingface.co/api/resolve-cache/models/facebook/opt-125m/27dcfa74d334bc871f3234de431e71c6eeba5dd6/config.json "HTTP/1.1 200 OK"
[2026-06-25 12:29:04,093][httpx][INFO] - HTTP Request: HEAD https://huggingface.co/facebook/opt-125m/resolve/refs%2Fpr%2F51/model.safetensors.index.json "HTTP/1.1 404 Not Found"
[2026-06-25 12:29:04,231][httpx][INFO] - HTTP Request: HEAD https://huggingface.co/facebook/opt-125m/resolve/main/tokenizer_config.json "HTTP/1.1 307 Temporary Redirect"
[2026-06-25 12:29:04,248][httpx][INFO] - HTTP Request: HEAD https://huggingface.co/facebook/opt-125m/resolve/refs%2Fpr%2F51/model.safetensors "HTTP/1.1 302 Found"
[2026-06-25 12:29:04,267][httpx][INFO] - HTTP Request: HEAD https://huggingface.co/api/resolve-cache/models/facebook/opt-125m/27dcfa74d334bc871f3234de431e71c6eeba5dd6/tokenizer_config.json "HTTP/1.1 200 OK"
[2026-06-25 12:29:04,421][httpx][INFO] - HTTP Request: GET https://huggingface.co/api/models/facebook/opt-125m/tree/main/additional_chat_templates?recursive=false&expand=false "HTTP/1.1 404 Not Found"
[2026-06-25 12:29:04,590][httpx][INFO] - HTTP Request: GET https://huggingface.co/api/models/facebook/opt-125m/tree/main?recursive=true&expand=false "HTTP/1.1 200 OK"
[2026-06-25 12:29:04,846][httpx][INFO] - HTTP Request: HEAD https://huggingface.co/datasets/Salesforce/wikitext/resolve/main/README.md "HTTP/1.1 307 Temporary Redirect"
[2026-06-25 12:29:04,877][httpx][INFO] - HTTP Request: HEAD https://huggingface.co/api/resolve-cache/datasets/Salesforce/wikitext/b08601e04326c79dfdd32d625aee71d232d685c3/README.md "HTTP/1.1 200 OK"
[2026-06-25 12:29:05,021][httpx][INFO] - HTTP Request: HEAD https://huggingface.co/datasets/Salesforce/wikitext/resolve/b08601e04326c79dfdd32d625aee71d232d685c3/wikitext.py "HTTP/1.1 404 Not Found"
