[2026-06-25 12:24:45,475][httpx][INFO] - HTTP Request: HEAD https://huggingface.co/facebook/opt-125m/resolve/main/config.json "HTTP/1.1 307 Temporary Redirect"
[2026-06-25 12:24:45,511][httpx][INFO] - HTTP Request: HEAD https://huggingface.co/api/resolve-cache/models/facebook/opt-125m/27dcfa74d334bc871f3234de431e71c6eeba5dd6/config.json "HTTP/1.1 200 OK"
[2026-06-25 12:24:45,816][httpx][INFO] - HTTP Request: HEAD https://huggingface.co/facebook/opt-125m/resolve/main/model.safetensors "HTTP/1.1 404 Not Found"
[2026-06-25 12:24:45,817][huggingface_hub.utils._http][WARNING] - Warning: You are sending unauthenticated requests to the HF Hub. Please set a HF_TOKEN to enable higher rate limits and faster downloads.
[2026-06-25 12:24:45,970][httpx][INFO] - HTTP Request: GET https://huggingface.co/api/models/facebook/opt-125m "HTTP/1.1 200 OK"
[2026-06-25 12:24:46,146][httpx][INFO] - HTTP Request: GET https://huggingface.co/api/models/facebook/opt-125m/commits/main "HTTP/1.1 200 OK"
[2026-06-25 12:24:46,289][httpx][INFO] - HTTP Request: HEAD https://huggingface.co/facebook/opt-125m/resolve/main/generation_config.json "HTTP/1.1 307 Temporary Redirect"
[2026-06-25 12:24:46,325][httpx][INFO] - HTTP Request: HEAD https://huggingface.co/api/resolve-cache/models/facebook/opt-125m/27dcfa74d334bc871f3234de431e71c6eeba5dd6/generation_config.json "HTTP/1.1 200 OK"
[2026-06-25 12:24:46,379][httpx][INFO] - HTTP Request: GET https://huggingface.co/api/models/facebook/opt-125m/discussions?p=0 "HTTP/1.1 200 OK"
[2026-06-25 12:24:46,478][httpx][INFO] - HTTP Request: HEAD https://huggingface.co/facebook/opt-125m/resolve/main/custom_generate/generate.py "HTTP/1.1 404 Not Found"
[2026-06-25 12:24:46,577][httpx][INFO] - HTTP Request: GET https://huggingface.co/api/models/facebook/opt-125m/commits/refs%2Fpr%2F51 "HTTP/1.1 200 OK"
[2026-06-25 12:24:46,628][httpx][INFO] - HTTP Request: HEAD https://huggingface.co/facebook/opt-125m/resolve/main/config.json "HTTP/1.1 307 Temporary Redirect"
[2026-06-25 12:24:46,664][httpx][INFO] - HTTP Request: HEAD https://huggingface.co/api/resolve-cache/models/facebook/opt-125m/27dcfa74d334bc871f3234de431e71c6eeba5dd6/config.json "HTTP/1.1 200 OK"
[2026-06-25 12:24:46,729][httpx][INFO] - HTTP Request: HEAD https://huggingface.co/facebook/opt-125m/resolve/refs%2Fpr%2F51/model.safetensors.index.json "HTTP/1.1 404 Not Found"
[2026-06-25 12:24:46,814][httpx][INFO] - HTTP Request: HEAD https://huggingface.co/facebook/opt-125m/resolve/main/tokenizer_config.json "HTTP/1.1 307 Temporary Redirect"
[2026-06-25 12:24:46,849][httpx][INFO] - HTTP Request: HEAD https://huggingface.co/api/resolve-cache/models/facebook/opt-125m/27dcfa74d334bc871f3234de431e71c6eeba5dd6/tokenizer_config.json "HTTP/1.1 200 OK"
[2026-06-25 12:24:46,882][httpx][INFO] - HTTP Request: HEAD https://huggingface.co/facebook/opt-125m/resolve/refs%2Fpr%2F51/model.safetensors "HTTP/1.1 302 Found"
[2026-06-25 12:24:47,023][httpx][INFO] - HTTP Request: GET https://huggingface.co/api/models/facebook/opt-125m/tree/main/additional_chat_templates?recursive=false&expand=false "HTTP/1.1 404 Not Found"
[2026-06-25 12:24:47,177][httpx][INFO] - HTTP Request: GET https://huggingface.co/api/models/facebook/opt-125m/tree/main?recursive=true&expand=false "HTTP/1.1 200 OK"
[2026-06-25 12:24:47,433][httpx][INFO] - HTTP Request: HEAD https://huggingface.co/datasets/Salesforce/wikitext/resolve/main/README.md "HTTP/1.1 307 Temporary Redirect"
[2026-06-25 12:24:47,468][httpx][INFO] - HTTP Request: HEAD https://huggingface.co/api/resolve-cache/datasets/Salesforce/wikitext/b08601e04326c79dfdd32d625aee71d232d685c3/README.md "HTTP/1.1 200 OK"
[2026-06-25 12:24:47,621][httpx][INFO] - HTTP Request: HEAD https://huggingface.co/datasets/Salesforce/wikitext/resolve/b08601e04326c79dfdd32d625aee71d232d685c3/wikitext.py "HTTP/1.1 404 Not Found"
[2026-06-25 12:24:48,129][httpx][INFO] - HTTP Request: HEAD https://s3.amazonaws.com/datasets.huggingface.co/datasets/datasets/Salesforce/wikitext/Salesforce/wikitext.py "HTTP/1.1 404 Not Found"
[2026-06-25 12:24:48,299][httpx][INFO] - HTTP Request: GET https://huggingface.co/api/datasets/Salesforce/wikitext/revision/b08601e04326c79dfdd32d625aee71d232d685c3 "HTTP/1.1 200 OK"
[2026-06-25 12:24:48,450][httpx][INFO] - HTTP Request: HEAD https://huggingface.co/datasets/Salesforce/wikitext/resolve/b08601e04326c79dfdd32d625aee71d232d685c3/.huggingface.yaml "HTTP/1.1 404 Not Found"
[2026-06-25 12:24:48,782][httpx][INFO] - HTTP Request: GET https://datasets-server.huggingface.co/info?dataset=Salesforce/wikitext "HTTP/1.1 200 OK"
[2026-06-25 12:24:48,994][httpx][INFO] - HTTP Request: GET https://huggingface.co/api/datasets/Salesforce/wikitext/tree/b08601e04326c79dfdd32d625aee71d232d685c3/wikitext-103-raw-v1?recursive=true&expand=false "HTTP/1.1 200 OK"
[2026-06-25 12:24:49,146][httpx][INFO] - HTTP Request: GET https://huggingface.co/api/datasets/Salesforce/wikitext/tree/b08601e04326c79dfdd32d625aee71d232d685c3?recursive=false&expand=false "HTTP/1.1 200 OK"
[2026-06-25 12:24:49,301][httpx][INFO] - HTTP Request: HEAD https://huggingface.co/datasets/Salesforce/wikitext/resolve/b08601e04326c79dfdd32d625aee71d232d685c3/dataset_infos.json "HTTP/1.1 404 Not Found"
[2026-06-25 12:24:49,455][httpx][INFO] - HTTP Request: GET https://huggingface.co/api/datasets/Salesforce/wikitext/tree/b08601e04326c79dfdd32d625aee71d232d685c3/wikitext-2-raw-v1?recursive=true&expand=false "HTTP/1.1 200 OK"
